
   FAIL  Tests\Feature\UserManagementTest
  Γ¿» admin can view users list
  Γ¿» admin can create user
  Γ¿» admin can update user
  Γ¿» admin can delete user
  ΓöÇΓöÇΓöÇΓöÇΓöÇΓöÇΓöÇΓöÇΓöÇΓöÇΓöÇΓöÇΓöÇΓöÇΓöÇΓöÇΓöÇΓöÇ  
  ΓÇª  QueryException   
  could not find driver (Connection: sqlite, SQL: select exists (select 1 from "main".sqlite_master where name = 'migrations' and type = 'table') as "exists")

  at vendor\laravel\framework\src\Illuminate\Database\Connectors\Connector.php:66
     62Γûò      */
     63Γûò     protected function createPdoConnection($dsn, $username, #[\SensitiveParameter] $password, $options)
     64Γûò     {
     65Γûò         return version_compare(phpversion(), '8.4.0', '<')
  Γ₧£  66Γûò             ? new PDO($dsn, $username, $password, $options)
     67Γûò             : PDO::connect($dsn, $username, $password, $options); /** @phpstan-ignore staticMethod.notFound (PHP 8.4) */
     68Γûò     }
     69Γûò 
     70Γûò     /**

  1   vendor\laravel\framework\src\Illuminate\Database\Connectors\Connector.php:66
  2   vendor\laravel\framework\src\Illuminate\Database\Connectors\Connector.php:44

  ΓöÇΓöÇΓöÇΓöÇΓöÇΓöÇΓöÇΓöÇΓöÇΓöÇΓöÇΓöÇΓöÇΓöÇΓöÇΓöÇΓöÇΓöÇ  
  ΓÇª  QueryException   
  could not find driver (Connection: sqlite, SQL: select exists (select 1 from "main".sqlite_master where name = 'migrations' and type = 'table') as "exists")

  at vendor\laravel\framework\src\Illuminate\Database\Connectors\Connector.php:66
     62Γûò      */
     63Γûò     protected function createPdoConnection($dsn, $username, #[\SensitiveParameter] $password, $options)
     64Γûò     {
     65Γûò         return version_compare(phpversion(), '8.4.0', '<')
  Γ₧£  66Γûò             ? new PDO($dsn, $username, $password, $options)
     67Γûò             : PDO::connect($dsn, $username, $password, $options); /** @phpstan-ignore staticMethod.notFound (PHP 8.4) */
     68Γûò     }
     69Γûò 
     70Γûò     /**

  1   vendor\laravel\framework\src\Illuminate\Database\Connectors\Connector.php:66
  2   vendor\laravel\framework\src\Illuminate\Database\Connectors\Connector.php:44

  ΓöÇΓöÇΓöÇΓöÇΓöÇΓöÇΓöÇΓöÇΓöÇΓöÇΓöÇΓöÇΓöÇΓöÇΓöÇΓöÇΓöÇΓöÇ  
  ΓÇª  QueryException   
  could not find driver (Connection: sqlite, SQL: select exists (select 1 from "main".sqlite_master where name = 'migrations' and type = 'table') as "exists")

  at vendor\laravel\framework\src\Illuminate\Database\Connectors\Connector.php:66
     62Γûò      */
     63Γûò     protected function createPdoConnection($dsn, $username, #[\SensitiveParameter] $password, $options)
     64Γûò     {
     65Γûò         return version_compare(phpversion(), '8.4.0', '<')
  Γ₧£  66Γûò             ? new PDO($dsn, $username, $password, $options)
     67Γûò             : PDO::connect($dsn, $username, $password, $options); /** @phpstan-ignore staticMethod.notFound (PHP 8.4) */
     68Γûò     }
     69Γûò 
     70Γûò     /**

  1   vendor\laravel\framework\src\Illuminate\Database\Connectors\Connector.php:66
  2   vendor\laravel\framework\src\Illuminate\Database\Connectors\Connector.php:44

  ΓöÇΓöÇΓöÇΓöÇΓöÇΓöÇΓöÇΓöÇΓöÇΓöÇΓöÇΓöÇΓöÇΓöÇΓöÇΓöÇΓöÇΓöÇ  
  ΓÇª  QueryException   
  could not find driver (Connection: sqlite, SQL: select exists (select 1 from "main".sqlite_master where name = 'migrations' and type = 'table') as "exists")

  at vendor\laravel\framework\src\Illuminate\Database\Connectors\Connector.php:66
     62Γûò      */
     63Γûò     protected function createPdoConnection($dsn, $username, #[\SensitiveParameter] $password, $options)
     64Γûò     {
     65Γûò         return version_compare(phpversion(), '8.4.0', '<')
  Γ₧£  66Γûò             ? new PDO($dsn, $username, $password, $options)
     67Γûò             : PDO::connect($dsn, $username, $password, $options); /** @phpstan-ignore staticMethod.notFound (PHP 8.4) */
     68Γûò     }
     69Γûò 
     70Γûò     /**

  1   vendor\laravel\framework\src\Illuminate\Database\Connectors\Connector.php:66
  2   vendor\laravel\framework\src\Illuminate\Database\Connectors\Connector.php:44


  Tests:    4 failed (0 assertions)
  Duration: 0.68s

